Archive member included because of file (symbol)

C:/Freescale/CW MCU v10.7/MCU/ARM_GCC_Support/ewl/lib/armv6-m\libc.a(exit.o)
                              ./Project_Settings/Startup_Code/__arm_start.o (exit)
C:/Freescale/CW MCU v10.7/MCU/ARM_GCC_Support/ewl/lib/armv6-m\libc.a(memset.o)
                              ./Project_Settings/Startup_Code/__arm_start.o (memset)
C:/Freescale/CW MCU v10.7/MCU/ARM_GCC_Support/ewl/lib/armv6-m\libc.a(__filll_mem.o)
                              C:/Freescale/CW MCU v10.7/MCU/ARM_GCC_Support/ewl/lib/armv6-m\libc.a(memset.o) (__fill_mem)
C:/Freescale/CW MCU v10.7/MCU/ARM_GCC_Support/ewl/lib/armv6-m\libc.a(printformat_.o)
                              (__pformatter_)
C:/Freescale/CW MCU v10.7/MCU/ARM_GCC_Support/ewl/lib/armv6-m\libc.a(scanformat_.o)
                              (__sformatter)
C:/Freescale/CW MCU v10.7/MCU/ARM_GCC_Support/ewl/lib/armv6-m\libc.a(ctype_aeabi.o)
                              C:/Freescale/CW MCU v10.7/MCU/ARM_GCC_Support/ewl/lib/armv6-m\libc.a(scanformat_.o) (isspace)
C:/Freescale/CW MCU v10.7/MCU/ARM_GCC_Support/ewl/lib/armv6-m\libc.a(__strtoul.o)
                              C:/Freescale/CW MCU v10.7/MCU/ARM_GCC_Support/ewl/lib/armv6-m\libc.a(scanformat_.o) (__strtoul)
C:/Freescale/CW MCU v10.7/MCU/ARM_GCC_Support/ewl/lib/armv6-m\libc.a(strchr.o)
                              C:/Freescale/CW MCU v10.7/MCU/ARM_GCC_Support/ewl/lib/armv6-m\libc.a(printformat_.o) (strchr)
C:/Freescale/CW MCU v10.7/MCU/ARM_GCC_Support/ewl/lib/armv6-m\libc.a(memcpy.o)
                              C:/Freescale/CW MCU v10.7/MCU/ARM_GCC_Support/ewl/lib/armv6-m\libc.a(scanformat_.o) (memcpy)
C:/Freescale/CW MCU v10.7/MCU/ARM_GCC_Support/ewl/lib/armv6-m\libc.a(strlen.o)
                              C:/Freescale/CW MCU v10.7/MCU/ARM_GCC_Support/ewl/lib/armv6-m\libc.a(printformat_.o) (strlen)
C:/Freescale/CW MCU v10.7/MCU/ARM_GCC_Support/ewl/lib/armv6-m\libc.a(memchr.o)
                              C:/Freescale/CW MCU v10.7/MCU/ARM_GCC_Support/ewl/lib/armv6-m\libc.a(printformat_.o) (memchr)
c:/freescale/cw mcu v10.7/cross_tools/arm-none-eabi-gcc-4_7_3/bin/../lib/gcc/arm-none-eabi/4.7.3/armv6-m\libgcc.a(_thumb1_case_sqi.o)
                              C:/Freescale/CW MCU v10.7/MCU/ARM_GCC_Support/ewl/lib/armv6-m\libc.a(__strtoul.o) (__gnu_thumb1_case_sqi)
c:/freescale/cw mcu v10.7/cross_tools/arm-none-eabi-gcc-4_7_3/bin/../lib/gcc/arm-none-eabi/4.7.3/armv6-m\libgcc.a(_thumb1_case_uqi.o)
                              C:/Freescale/CW MCU v10.7/MCU/ARM_GCC_Support/ewl/lib/armv6-m\libc.a(scanformat_.o) (__gnu_thumb1_case_uqi)
c:/freescale/cw mcu v10.7/cross_tools/arm-none-eabi-gcc-4_7_3/bin/../lib/gcc/arm-none-eabi/4.7.3/armv6-m\libgcc.a(_udivsi3.o)
                              ./Sources/uart.o (__aeabi_uidiv)
c:/freescale/cw mcu v10.7/cross_tools/arm-none-eabi-gcc-4_7_3/bin/../lib/gcc/arm-none-eabi/4.7.3/armv6-m\libgcc.a(_divsi3.o)
                              ./Sources/uart.o (__aeabi_idiv)
c:/freescale/cw mcu v10.7/cross_tools/arm-none-eabi-gcc-4_7_3/bin/../lib/gcc/arm-none-eabi/4.7.3/armv6-m\libgcc.a(_dvmd_tls.o)
                              c:/freescale/cw mcu v10.7/cross_tools/arm-none-eabi-gcc-4_7_3/bin/../lib/gcc/arm-none-eabi/4.7.3/armv6-m\libgcc.a(_udivsi3.o) (__aeabi_idiv0)
C:/Freescale/CW MCU v10.7/MCU/ARM_GCC_Support/ewl/lib/armv6-m\librt.a(gcc_ctor_dtor.o)
                              ./Project_Settings/Startup_Code/__arm_start.o (__init_cpp)
C:/Freescale/CW MCU v10.7/MCU/ARM_GCC_Support/ewl/lib/armv6-m\librt.a(__arm_eabi_init.o)
                              C:/Freescale/CW MCU v10.7/MCU/ARM_GCC_Support/ewl/lib/armv6-m\libc.a(exit.o) (__destroy_global_chain)
C:/Freescale/CW MCU v10.7/MCU/ARM_GCC_Support/ewl/lib/armv6-m\librt.a(ROMCopy.o)
                              ./Project_Settings/Startup_Code/__arm_start.o (__copy_rom_sections_to_ram)

Allocating common symbols
Common symbol       size              file

PORTD               0x4               ./Sources/uart.o
sine6               0xc8              ./Sources/dac.o
GPIOC               0x4               ./Sources/uart.o
x                   0x4               ./Sources/adc.o
ramp2               0xc8              ./Sources/dac.o
writeValue          0x4               ./Sources/dac.o
TPM2                0x4               ./Sources/uart.o
TPM1                0x4               ./Sources/uart.o
square6             0xc8              ./Sources/dac.o
triangle4           0xc8              ./Sources/dac.o
PORTC               0x4               ./Sources/uart.o
square2             0xc8              ./Sources/dac.o
NVIC                0x4               ./Sources/uart.o
ADC0                0x4               ./Sources/uart.o
GPIOE               0x4               ./Sources/uart.o
ramp4               0xc8              ./Sources/dac.o
MCG                 0x4               ./Sources/uart.o
triangle6           0xc8              ./Sources/dac.o
PORTB               0x4               ./Sources/uart.o
current             0x4               ./Sources/uart.o
triangle2           0xc8              ./Sources/dac.o
square8             0xc8              ./Sources/dac.o
sine8               0xc8              ./Sources/dac.o
PORTE               0x4               ./Sources/uart.o
triangle8           0xc8              ./Sources/dac.o
SIM                 0x4               ./Sources/uart.o
GPIOA               0x4               ./Sources/uart.o
gain                0x4               ./Sources/uart.o
sine2               0xc8              ./Sources/dac.o
DAC0                0x4               ./Sources/uart.o
samples             0xc8              ./Sources/adc.o
UART0               0x4               ./Sources/uart.o
amplifier           0x4               ./Sources/uart.o
sine4               0xc8              ./Sources/dac.o
GPIOD               0x4               ./Sources/uart.o
TPM0                0x4               ./Sources/uart.o
PORTA               0x4               ./Sources/uart.o
square4             0xc8              ./Sources/dac.o
GPIOB               0x4               ./Sources/uart.o
LPTMR0              0x4               ./Sources/uart.o
ramp6               0xc8              ./Sources/dac.o
ramp8               0xc8              ./Sources/dac.o

Discarded input sections

 .text          0x00000000        0x0 ./Project_Settings/Startup_Code/kinetis_sysinit.o
 .data          0x00000000        0x0 ./Project_Settings/Startup_Code/kinetis_sysinit.o
 .bss           0x00000000        0x0 ./Project_Settings/Startup_Code/kinetis_sysinit.o
 .text          0x00000000        0x0 ./Project_Settings/Startup_Code/__arm_start.o
 .data          0x00000000        0x0 ./Project_Settings/Startup_Code/__arm_start.o
 .bss           0x00000000        0x0 ./Project_Settings/Startup_Code/__arm_start.o
 .text.__iar_program_start
                0x00000000        0x4 ./Project_Settings/Startup_Code/__arm_start.o
 .text          0x00000000        0x0 ./Project_Settings/Startup_Code/__arm_end.o
 .data          0x00000000        0x0 ./Project_Settings/Startup_Code/__arm_end.o
 .bss           0x00000000        0x0 ./Project_Settings/Startup_Code/__arm_end.o
 .text          0x00000000        0x0 ./Sources/uart.o
 .data          0x00000000        0x0 ./Sources/uart.o
 .bss           0x00000000        0x0 ./Sources/uart.o
 .text          0x00000000        0x0 ./Sources/sa_mtb.o
 .data          0x00000000        0x0 ./Sources/sa_mtb.o
 .bss           0x00000000        0x0 ./Sources/sa_mtb.o
 .debug_info    0x00000000       0x21 ./Sources/sa_mtb.o
 .debug_abbrev  0x00000000       0x12 ./Sources/sa_mtb.o
 .debug_aranges
                0x00000000       0x18 ./Sources/sa_mtb.o
 .debug_macinfo
                0x00000000     0x24d8 ./Sources/sa_mtb.o
 .debug_line    0x00000000       0xaa ./Sources/sa_mtb.o
 .debug_str     0x00000000       0x99 ./Sources/sa_mtb.o
 .comment       0x00000000       0x7a ./Sources/sa_mtb.o
 .ARM.attributes
                0x00000000       0x31 ./Sources/sa_mtb.o
 .text          0x00000000        0x0 ./Sources/main.o
 .data          0x00000000        0x0 ./Sources/main.o
 .bss           0x00000000        0x0 ./Sources/main.o
 .text          0x00000000        0x0 ./Sources/lptmr.o
 .data          0x00000000        0x0 ./Sources/lptmr.o
 .bss           0x00000000        0x0 ./Sources/lptmr.o
 .text          0x00000000        0x0 ./Sources/dac.o
 .data          0x00000000        0x0 ./Sources/dac.o
 .bss           0x00000000        0x0 ./Sources/dac.o
 .text          0x00000000        0x0 ./Sources/common.o
 .data          0x00000000        0x0 ./Sources/common.o
 .bss           0x00000000        0x0 ./Sources/common.o
 .text          0x00000000        0x0 ./Sources/buttons.o
 .data          0x00000000        0x0 ./Sources/buttons.o
 .bss           0x00000000        0x0 ./Sources/buttons.o
 .text          0x00000000        0x0 ./Sources/adc.o
 .data          0x00000000        0x0 ./Sources/adc.o
 .bss           0x00000000        0x0 ./Sources/adc.o
 .bss.currentSample
                0x00000000        0x4 ./Sources/adc.o
 COMMON         0x00000000       0xcc ./Sources/adc.o
 .text          0x00000000        0x0 C:/Freescale/CW MCU v10.7/MCU/ARM_GCC_Support/ewl/lib/armv6-m\libc.a(exit.o)
 .data          0x00000000        0x0 C:/Freescale/CW MCU v10.7/MCU/ARM_GCC_Support/ewl/lib/armv6-m\libc.a(exit.o)
 .bss           0x00000000        0x0 C:/Freescale/CW MCU v10.7/MCU/ARM_GCC_Support/ewl/lib/armv6-m\libc.a(exit.o)
 .text          0x00000000        0x0 C:/Freescale/CW MCU v10.7/MCU/ARM_GCC_Support/ewl/lib/armv6-m\libc.a(memset.o)
 .data          0x00000000        0x0 C:/Freescale/CW MCU v10.7/MCU/ARM_GCC_Support/ewl/lib/armv6-m\libc.a(memset.o)
 .bss           0x00000000        0x0 C:/Freescale/CW MCU v10.7/MCU/ARM_GCC_Support/ewl/lib/armv6-m\libc.a(memset.o)
 .text          0x00000000        0x0 C:/Freescale/CW MCU v10.7/MCU/ARM_GCC_Support/ewl/lib/armv6-m\libc.a(__filll_mem.o)
 .data          0x00000000        0x0 C:/Freescale/CW MCU v10.7/MCU/ARM_GCC_Support/ewl/lib/armv6-m\libc.a(__filll_mem.o)
 .bss           0x00000000        0x0 C:/Freescale/CW MCU v10.7/MCU/ARM_GCC_Support/ewl/lib/armv6-m\libc.a(__filll_mem.o)
 .text          0x00000000        0x0 C:/Freescale/CW MCU v10.7/MCU/ARM_GCC_Support/ewl/lib/armv6-m\libc.a(printformat_.o)
 .data          0x00000000        0x0 C:/Freescale/CW MCU v10.7/MCU/ARM_GCC_Support/ewl/lib/armv6-m\libc.a(printformat_.o)
 .bss           0x00000000        0x0 C:/Freescale/CW MCU v10.7/MCU/ARM_GCC_Support/ewl/lib/armv6-m\libc.a(printformat_.o)
 .text          0x00000000        0x0 C:/Freescale/CW MCU v10.7/MCU/ARM_GCC_Support/ewl/lib/armv6-m\libc.a(scanformat_.o)
 .data          0x00000000        0x0 C:/Freescale/CW MCU v10.7/MCU/ARM_GCC_Support/ewl/lib/armv6-m\libc.a(scanformat_.o)
 .bss           0x00000000        0x0 C:/Freescale/CW MCU v10.7/MCU/ARM_GCC_Support/ewl/lib/armv6-m\libc.a(scanformat_.o)
 .text          0x00000000        0x0 C:/Freescale/CW MCU v10.7/MCU/ARM_GCC_Support/ewl/lib/armv6-m\libc.a(ctype_aeabi.o)
 .data          0x00000000        0x0 C:/Freescale/CW MCU v10.7/MCU/ARM_GCC_Support/ewl/lib/armv6-m\libc.a(ctype_aeabi.o)
 .bss           0x00000000        0x0 C:/Freescale/CW MCU v10.7/MCU/ARM_GCC_Support/ewl/lib/armv6-m\libc.a(ctype_aeabi.o)
 .text.isalnum  0x00000000       0x1c C:/Freescale/CW MCU v10.7/MCU/ARM_GCC_Support/ewl/lib/armv6-m\libc.a(ctype_aeabi.o)
 .text.iscntrl  0x00000000       0x20 C:/Freescale/CW MCU v10.7/MCU/ARM_GCC_Support/ewl/lib/armv6-m\libc.a(ctype_aeabi.o)
 .text.isdigit  0x00000000        0xe C:/Freescale/CW MCU v10.7/MCU/ARM_GCC_Support/ewl/lib/armv6-m\libc.a(ctype_aeabi.o)
 .text.isgraph  0x00000000       0x1c C:/Freescale/CW MCU v10.7/MCU/ARM_GCC_Support/ewl/lib/armv6-m\libc.a(ctype_aeabi.o)
 .text.islower  0x00000000       0x20 C:/Freescale/CW MCU v10.7/MCU/ARM_GCC_Support/ewl/lib/armv6-m\libc.a(ctype_aeabi.o)
 .text.isprint  0x00000000       0x1c C:/Freescale/CW MCU v10.7/MCU/ARM_GCC_Support/ewl/lib/armv6-m\libc.a(ctype_aeabi.o)
 .text.ispunct  0x00000000       0x20 C:/Freescale/CW MCU v10.7/MCU/ARM_GCC_Support/ewl/lib/armv6-m\libc.a(ctype_aeabi.o)
 .text.isupper  0x00000000       0x20 C:/Freescale/CW MCU v10.7/MCU/ARM_GCC_Support/ewl/lib/armv6-m\libc.a(ctype_aeabi.o)
 .text.isxdigit
                0x00000000       0x20 C:/Freescale/CW MCU v10.7/MCU/ARM_GCC_Support/ewl/lib/armv6-m\libc.a(ctype_aeabi.o)
 .text.isblank  0x00000000       0x28 C:/Freescale/CW MCU v10.7/MCU/ARM_GCC_Support/ewl/lib/armv6-m\libc.a(ctype_aeabi.o)
 .text.tolower  0x00000000        0xe C:/Freescale/CW MCU v10.7/MCU/ARM_GCC_Support/ewl/lib/armv6-m\libc.a(ctype_aeabi.o)
 .text          0x00000000        0x0 C:/Freescale/CW MCU v10.7/MCU/ARM_GCC_Support/ewl/lib/armv6-m\libc.a(__strtoul.o)
 .data          0x00000000        0x0 C:/Freescale/CW MCU v10.7/MCU/ARM_GCC_Support/ewl/lib/armv6-m\libc.a(__strtoul.o)
 .bss           0x00000000        0x0 C:/Freescale/CW MCU v10.7/MCU/ARM_GCC_Support/ewl/lib/armv6-m\libc.a(__strtoul.o)
 .text          0x00000000        0x0 C:/Freescale/CW MCU v10.7/MCU/ARM_GCC_Support/ewl/lib/armv6-m\libc.a(strchr.o)
 .data          0x00000000        0x0 C:/Freescale/CW MCU v10.7/MCU/ARM_GCC_Support/ewl/lib/armv6-m\libc.a(strchr.o)
 .bss           0x00000000        0x0 C:/Freescale/CW MCU v10.7/MCU/ARM_GCC_Support/ewl/lib/armv6-m\libc.a(strchr.o)
 .text          0x00000000        0x0 C:/Freescale/CW MCU v10.7/MCU/ARM_GCC_Support/ewl/lib/armv6-m\libc.a(memcpy.o)
 .data          0x00000000        0x0 C:/Freescale/CW MCU v10.7/MCU/ARM_GCC_Support/ewl/lib/armv6-m\libc.a(memcpy.o)
 .bss           0x00000000        0x0 C:/Freescale/CW MCU v10.7/MCU/ARM_GCC_Support/ewl/lib/armv6-m\libc.a(memcpy.o)
 .text          0x00000000        0x0 C:/Freescale/CW MCU v10.7/MCU/ARM_GCC_Support/ewl/lib/armv6-m\libc.a(strlen.o)
 .data          0x00000000        0x0 C:/Freescale/CW MCU v10.7/MCU/ARM_GCC_Support/ewl/lib/armv6-m\libc.a(strlen.o)
 .bss           0x00000000        0x0 C:/Freescale/CW MCU v10.7/MCU/ARM_GCC_Support/ewl/lib/armv6-m\libc.a(strlen.o)
 .text          0x00000000        0x0 C:/Freescale/CW MCU v10.7/MCU/ARM_GCC_Support/ewl/lib/armv6-m\libc.a(memchr.o)
 .data          0x00000000        0x0 C:/Freescale/CW MCU v10.7/MCU/ARM_GCC_Support/ewl/lib/armv6-m\libc.a(memchr.o)
 .bss           0x00000000        0x0 C:/Freescale/CW MCU v10.7/MCU/ARM_GCC_Support/ewl/lib/armv6-m\libc.a(memchr.o)
 .data          0x00000000        0x0 c:/freescale/cw mcu v10.7/cross_tools/arm-none-eabi-gcc-4_7_3/bin/../lib/gcc/arm-none-eabi/4.7.3/armv6-m\libgcc.a(_thumb1_case_sqi.o)
 .bss           0x00000000        0x0 c:/freescale/cw mcu v10.7/cross_tools/arm-none-eabi-gcc-4_7_3/bin/../lib/gcc/arm-none-eabi/4.7.3/armv6-m\libgcc.a(_thumb1_case_sqi.o)
 .data          0x00000000        0x0 c:/freescale/cw mcu v10.7/cross_tools/arm-none-eabi-gcc-4_7_3/bin/../lib/gcc/arm-none-eabi/4.7.3/armv6-m\libgcc.a(_thumb1_case_uqi.o)
 .bss           0x00000000        0x0 c:/freescale/cw mcu v10.7/cross_tools/arm-none-eabi-gcc-4_7_3/bin/../lib/gcc/arm-none-eabi/4.7.3/armv6-m\libgcc.a(_thumb1_case_uqi.o)
 .data          0x00000000        0x0 c:/freescale/cw mcu v10.7/cross_tools/arm-none-eabi-gcc-4_7_3/bin/../lib/gcc/arm-none-eabi/4.7.3/armv6-m\libgcc.a(_udivsi3.o)
 .bss           0x00000000        0x0 c:/freescale/cw mcu v10.7/cross_tools/arm-none-eabi-gcc-4_7_3/bin/../lib/gcc/arm-none-eabi/4.7.3/armv6-m\libgcc.a(_udivsi3.o)
 .data          0x00000000        0x0 c:/freescale/cw mcu v10.7/cross_tools/arm-none-eabi-gcc-4_7_3/bin/../lib/gcc/arm-none-eabi/4.7.3/armv6-m\libgcc.a(_divsi3.o)
 .bss           0x00000000        0x0 c:/freescale/cw mcu v10.7/cross_tools/arm-none-eabi-gcc-4_7_3/bin/../lib/gcc/arm-none-eabi/4.7.3/armv6-m\libgcc.a(_divsi3.o)
 .data          0x00000000        0x0 c:/freescale/cw mcu v10.7/cross_tools/arm-none-eabi-gcc-4_7_3/bin/../lib/gcc/arm-none-eabi/4.7.3/armv6-m\libgcc.a(_dvmd_tls.o)
 .bss           0x00000000        0x0 c:/freescale/cw mcu v10.7/cross_tools/arm-none-eabi-gcc-4_7_3/bin/../lib/gcc/arm-none-eabi/4.7.3/armv6-m\libgcc.a(_dvmd_tls.o)
 .text          0x00000000        0x0 C:/Freescale/CW MCU v10.7/MCU/ARM_GCC_Support/ewl/lib/armv6-m\librt.a(gcc_ctor_dtor.o)
 .data          0x00000000        0x0 C:/Freescale/CW MCU v10.7/MCU/ARM_GCC_Support/ewl/lib/armv6-m\librt.a(gcc_ctor_dtor.o)
 .bss           0x00000000        0x0 C:/Freescale/CW MCU v10.7/MCU/ARM_GCC_Support/ewl/lib/armv6-m\librt.a(gcc_ctor_dtor.o)
 .bss.__dso_handle
                0x00000000        0x4 C:/Freescale/CW MCU v10.7/MCU/ARM_GCC_Support/ewl/lib/armv6-m\librt.a(gcc_ctor_dtor.o)
 .text          0x00000000        0x0 C:/Freescale/CW MCU v10.7/MCU/ARM_GCC_Support/ewl/lib/armv6-m\librt.a(__arm_eabi_init.o)
 .data          0x00000000        0x0 C:/Freescale/CW MCU v10.7/MCU/ARM_GCC_Support/ewl/lib/armv6-m\librt.a(__arm_eabi_init.o)
 .bss           0x00000000        0x0 C:/Freescale/CW MCU v10.7/MCU/ARM_GCC_Support/ewl/lib/armv6-m\librt.a(__arm_eabi_init.o)
 .text.__register_global_object
                0x00000000       0x14 C:/Freescale/CW MCU v10.7/MCU/ARM_GCC_Support/ewl/lib/armv6-m\librt.a(__arm_eabi_init.o)
 .text.__cxa_atexit
                0x00000000       0x38 C:/Freescale/CW MCU v10.7/MCU/ARM_GCC_Support/ewl/lib/armv6-m\librt.a(__arm_eabi_init.o)
 .text.__aeabi_atexit
                0x00000000        0xe C:/Freescale/CW MCU v10.7/MCU/ARM_GCC_Support/ewl/lib/armv6-m\librt.a(__arm_eabi_init.o)
 .text.__register_atexit
                0x00000000        0xc C:/Freescale/CW MCU v10.7/MCU/ARM_GCC_Support/ewl/lib/armv6-m\librt.a(__arm_eabi_init.o)
 .text.__init_hardware
                0x00000000        0x4 C:/Freescale/CW MCU v10.7/MCU/ARM_GCC_Support/ewl/lib/armv6-m\librt.a(__arm_eabi_init.o)
 .bss.atexit_curr_func
                0x00000000        0x4 C:/Freescale/CW MCU v10.7/MCU/ARM_GCC_Support/ewl/lib/armv6-m\librt.a(__arm_eabi_init.o)
 .bss.atexit_funcs
                0x00000000      0x300 C:/Freescale/CW MCU v10.7/MCU/ARM_GCC_Support/ewl/lib/armv6-m\librt.a(__arm_eabi_init.o)
 .text          0x00000000        0x0 C:/Freescale/CW MCU v10.7/MCU/ARM_GCC_Support/ewl/lib/armv6-m\librt.a(ROMCopy.o)
 .data          0x00000000        0x0 C:/Freescale/CW MCU v10.7/MCU/ARM_GCC_Support/ewl/lib/armv6-m\librt.a(ROMCopy.o)
 .bss           0x00000000        0x0 C:/Freescale/CW MCU v10.7/MCU/ARM_GCC_Support/ewl/lib/armv6-m\librt.a(ROMCopy.o)
 .text.__flush_cache
                0x00000000        0x2 C:/Freescale/CW MCU v10.7/MCU/ARM_GCC_Support/ewl/lib/armv6-m\librt.a(ROMCopy.o)

Memory Configuration

Name             Origin             Length             Attributes
m_interrupts     0x00000000         0x000000c0         xr
m_cfmprotrom     0x00000400         0x00000010         xr
m_text           0x00000800         0x0001f800         xr
m_data           0x1ffff000         0x00004000         xrw
*default*        0x00000000         0xffffffff

Linker script and memory map

LOAD ./Project_Settings/Startup_Code/kinetis_sysinit.o
LOAD ./Project_Settings/Startup_Code/__arm_start.o
LOAD ./Project_Settings/Startup_Code/__arm_end.o
LOAD ./Sources/uart.o
LOAD ./Sources/sa_mtb.o
LOAD ./Sources/main.o
LOAD ./Sources/lptmr.o
LOAD ./Sources/dac.o
LOAD ./Sources/common.o
LOAD ./Sources/buttons.o
LOAD ./Sources/adc.o
                0x00002770                __pformatter = __pformatter_
                [0x00002b98]                __sformatter = __sformatter
START GROUP
LOAD C:/Freescale/CW MCU v10.7/MCU/ARM_GCC_Support/ewl/lib/armv6-m\libc.a
LOAD C:/Freescale/CW MCU v10.7/MCU/ARM_GCC_Support/ewl/lib/armv6-m\libm.a
LOAD c:/freescale/cw mcu v10.7/cross_tools/arm-none-eabi-gcc-4_7_3/bin/../lib/gcc/arm-none-eabi/4.7.3/armv6-m\libgcc.a
LOAD C:/Freescale/CW MCU v10.7/MCU/ARM_GCC_Support/ewl/lib/armv6-m\librt.a
LOAD C:/Freescale/CW MCU v10.7/MCU/ARM_GCC_Support/ewl/lib/armv6-m\libuart.a
END GROUP
                0x20003000                _estack = 0x20003000
                0x20003000                __SP_INIT = _estack
                0x00000400                __heap_size = 0x400
                0x00000400                __stack_size = 0x400

.interrupts     0x00000000       0xc0
                0x00000000                __vector_table = .
                0x00000000                . = ALIGN (0x4)
 *(.vectortable)
 .vectortable   0x00000000       0xc0 ./Project_Settings/Startup_Code/kinetis_sysinit.o
                0x00000000                InterruptVector
                0x000000c0                . = ALIGN (0x4)

.cfmprotect     0x00000400        0x0
                0x00000400                . = ALIGN (0x4)
 *(.cfmconfig)
                0x00000400                . = ALIGN (0x4)

.text           0x00000800     0x3208
                0x00000800                . = ALIGN (0x4)
 *(.text)
 .text          0x00000800       0x14 c:/freescale/cw mcu v10.7/cross_tools/arm-none-eabi-gcc-4_7_3/bin/../lib/gcc/arm-none-eabi/4.7.3/armv6-m\libgcc.a(_thumb1_case_sqi.o)
                0x00000800                __gnu_thumb1_case_sqi
 .text          0x00000814       0x14 c:/freescale/cw mcu v10.7/cross_tools/arm-none-eabi-gcc-4_7_3/bin/../lib/gcc/arm-none-eabi/4.7.3/armv6-m\libgcc.a(_thumb1_case_uqi.o)
                0x00000814                __gnu_thumb1_case_uqi
 .text          0x00000828       0x9c c:/freescale/cw mcu v10.7/cross_tools/arm-none-eabi-gcc-4_7_3/bin/../lib/gcc/arm-none-eabi/4.7.3/armv6-m\libgcc.a(_udivsi3.o)
                0x00000828                __aeabi_uidiv
                0x00000828                __udivsi3
                0x000008b0                __aeabi_uidivmod
 .text          0x000008c4       0xc0 c:/freescale/cw mcu v10.7/cross_tools/arm-none-eabi-gcc-4_7_3/bin/../lib/gcc/arm-none-eabi/4.7.3/armv6-m\libgcc.a(_divsi3.o)
                0x000008c4                __divsi3
                0x000008c4                __aeabi_idiv
                0x00000970                __aeabi_idivmod
 .text          0x00000984        0x4 c:/freescale/cw mcu v10.7/cross_tools/arm-none-eabi-gcc-4_7_3/bin/../lib/gcc/arm-none-eabi/4.7.3/armv6-m\libgcc.a(_dvmd_tls.o)
                0x00000984                __aeabi_idiv0
                0x00000984                __aeabi_ldiv0
 *(.text*)
 .text.Default_Handler
                0x00000988        0xc ./Project_Settings/Startup_Code/kinetis_sysinit.o
                0x00000988                RTC_Alarm_IRQHandler
                0x00000988                I2C0_IRQHandler
                0x00000988                HardFault_Handler
                0x00000988                SysTick_Handler
                0x00000988                PendSV_Handler
                0x00000988                NMI_Handler
                0x00000988                I2C1_IRQHandler
                0x00000988                UART1_IRQHandler
                0x00000988                DMA2_IRQHandler
                0x00000988                TSI0_IRQHandler
                0x00000988                UART0_IRQHandler
                0x00000988                SPI1_IRQHandler
                0x00000988                PORTD_IRQHandler
                0x00000988                FTM1_IRQHandler
                0x00000988                RTC_Seconds_IRQHandler
                0x00000988                MCG_IRQHandler
                0x00000988                UART2_IRQHandler
                0x00000988                Default_Handler
                0x00000988                LLW_IRQHandler
                0x00000988                PIT_IRQHandler
                0x00000988                SVC_Handler
                0x00000988                USBOTG_IRQHandler
                0x00000988                DMA3_IRQHandler
                0x00000988                DMA0_IRQHandler
                0x00000988                DAC0_IRQHandler
                0x00000988                PMC_IRQHandler
                0x00000988                SPI0_IRQHandler
                0x00000988                MCM_IRQHandler
                0x00000988                FTFL_IRQHandler
                0x00000988                FTM2_IRQHandler
                0x00000988                CMP0_IRQHandler
                0x00000988                DMA1_IRQHandler
 .text.__init_hardware
                0x00000994       0x2c ./Project_Settings/Startup_Code/kinetis_sysinit.o
                0x00000994                __init_hardware
 .text.zero_fill_bss
                0x000009c0       0x24 ./Project_Settings/Startup_Code/__arm_start.o
 .text.__thumb_startup
                0x000009e4       0x30 ./Project_Settings/Startup_Code/__arm_start.o
                0x000009e4                __thumb_startup
 .text._ExitProcess
                0x00000a14        0xc ./Project_Settings/Startup_Code/__arm_end.o
                0x00000a14                _ExitProcess
 .text.UART0_init
                0x00000a20       0xc4 ./Sources/uart.o
                0x00000a20                UART0_init
 .text.UART_status
                0x00000ae4      0x530 ./Sources/uart.o
                0x00000ae4                UART_status
 .text.UART_string
                0x00001014       0x48 ./Sources/uart.o
                0x00001014                UART_string
 .text.frequency_string
                0x0000105c      0x190 ./Sources/uart.o
                0x0000105c                frequency_string
 .text.main     0x000011ec       0x38 ./Sources/main.o
                0x000011ec                main
 .text.lptmr_init
                0x00001224       0x4c ./Sources/lptmr.o
                0x00001224                lptmr_init
 .text.LPTimer_IRQHandler
                0x00001270       0x1c ./Sources/lptmr.o
                0x00001270                LPTimer_IRQHandler
 .text.DAC0_init
                0x0000128c       0x3c ./Sources/dac.o
                0x0000128c                DAC0_init
 .text.timer_init
                0x000012c8       0xa4 ./Sources/dac.o
                0x000012c8                timer_init
 .text.FTM0_IRQHandler
                0x0000136c      0x5cc ./Sources/dac.o
                0x0000136c                FTM0_IRQHandler
 .text.init_arrays
                0x00001938      0x258 ./Sources/dac.o
                0x00001938                init_arrays
 .text.common_init
                0x00001b90      0x120 ./Sources/common.o
                0x00001b90                common_init
 .text.buttons_init
                0x00001cb0       0xdc ./Sources/buttons.o
                0x00001cb0                buttons_init
 .text.PORTA_IRQHandler
                0x00001d8c      0x214 ./Sources/buttons.o
                0x00001d8c                PORTA_IRQHandler
 .text.ADC0_init
                0x00001fa0       0xf8 ./Sources/adc.o
                0x00001fa0                ADC0_init
 .text.ADC0_IRQHandler
                0x00002098      0x478 ./Sources/adc.o
                0x00002098                ADC0_IRQHandler
 .text.exit     0x00002510       0x38 C:/Freescale/CW MCU v10.7/MCU/ARM_GCC_Support/ewl/lib/armv6-m\libc.a(exit.o)
                0x00002510                exit
 .text.memset   0x00002548        0xc C:/Freescale/CW MCU v10.7/MCU/ARM_GCC_Support/ewl/lib/armv6-m\libc.a(memset.o)
                0x00002548                memset
 .text.__fill_mem
                0x00002554       0x7e C:/Freescale/CW MCU v10.7/MCU/ARM_GCC_Support/ewl/lib/armv6-m\libc.a(__filll_mem.o)
                0x00002554                __fill_mem
 *fill*         0x000025d2        0x2 00
 .text.long2str.isra.0
                0x000025d4      0x19c C:/Freescale/CW MCU v10.7/MCU/ARM_GCC_Support/ewl/lib/armv6-m\libc.a(printformat_.o)
 .text.__pformatter_
                0x00002770      0x428 C:/Freescale/CW MCU v10.7/MCU/ARM_GCC_Support/ewl/lib/armv6-m\libc.a(printformat_.o)
                0x00002770                __pformatter_
 .text.__sformatter
                0x00002b98      0x698 C:/Freescale/CW MCU v10.7/MCU/ARM_GCC_Support/ewl/lib/armv6-m\libc.a(scanformat_.o)
                0x00002b98                __sformatter
 .text.isalpha  0x00003230       0x20 C:/Freescale/CW MCU v10.7/MCU/ARM_GCC_Support/ewl/lib/armv6-m\libc.a(ctype_aeabi.o)
                0x00003230                isalpha
 .text.isspace  0x00003250       0x20 C:/Freescale/CW MCU v10.7/MCU/ARM_GCC_Support/ewl/lib/armv6-m\libc.a(ctype_aeabi.o)
                0x00003250                isspace
 .text.toupper  0x00003270        0xe C:/Freescale/CW MCU v10.7/MCU/ARM_GCC_Support/ewl/lib/armv6-m\libc.a(ctype_aeabi.o)
                0x00003270                toupper
 .text.__strtoul
                0x0000327e      0x1ce C:/Freescale/CW MCU v10.7/MCU/ARM_GCC_Support/ewl/lib/armv6-m\libc.a(__strtoul.o)
                0x0000327e                __strtoul
 .text.strchr   0x0000344c       0x1e C:/Freescale/CW MCU v10.7/MCU/ARM_GCC_Support/ewl/lib/armv6-m\libc.a(strchr.o)
                0x0000344c                strchr
 .text.memcpy   0x0000346a       0x12 C:/Freescale/CW MCU v10.7/MCU/ARM_GCC_Support/ewl/lib/armv6-m\libc.a(memcpy.o)
                0x0000346a                memcpy
 .text.strlen   0x0000347c       0x10 C:/Freescale/CW MCU v10.7/MCU/ARM_GCC_Support/ewl/lib/armv6-m\libc.a(strlen.o)
                0x0000347c                strlen
 .text.memchr   0x0000348c       0x1a C:/Freescale/CW MCU v10.7/MCU/ARM_GCC_Support/ewl/lib/armv6-m\libc.a(memchr.o)
                0x0000348c                memchr
 *fill*         0x000034a6        0x2 00
 .text.__init_cpp
                0x000034a8       0x48 C:/Freescale/CW MCU v10.7/MCU/ARM_GCC_Support/ewl/lib/armv6-m\librt.a(gcc_ctor_dtor.o)
                0x000034a8                __init_cpp
 .text.__fini_cpp
                0x000034f0       0x34 C:/Freescale/CW MCU v10.7/MCU/ARM_GCC_Support/ewl/lib/armv6-m\librt.a(gcc_ctor_dtor.o)
                0x000034f0                __fini_cpp
 .text.__destroy_global_chain
                0x00003524       0x1c C:/Freescale/CW MCU v10.7/MCU/ARM_GCC_Support/ewl/lib/armv6-m\librt.a(__arm_eabi_init.o)
                0x00003524                __destroy_global_chain
 .text.__init_registers
                0x00003540       0x1c C:/Freescale/CW MCU v10.7/MCU/ARM_GCC_Support/ewl/lib/armv6-m\librt.a(__arm_eabi_init.o)
                0x00003540                __init_registers
 .text.__init_user
                0x0000355c        0x4 C:/Freescale/CW MCU v10.7/MCU/ARM_GCC_Support/ewl/lib/armv6-m\librt.a(__arm_eabi_init.o)
                0x0000355c                __init_user
 .text.__copy_rom_section
                0x00003560       0x48 C:/Freescale/CW MCU v10.7/MCU/ARM_GCC_Support/ewl/lib/armv6-m\librt.a(ROMCopy.o)
                0x00003560                __copy_rom_section
 .text.__copy_rom_sections_to_ram
                0x000035a8       0x34 C:/Freescale/CW MCU v10.7/MCU/ARM_GCC_Support/ewl/lib/armv6-m\librt.a(ROMCopy.o)
                0x000035a8                __copy_rom_sections_to_ram
 *(.rodata)
 .rodata        0x000035dc      0x1c8 ./Sources/uart.o
 *(.rodata*)
 .rodata.UART_status
                0x000037a4       0x80 ./Sources/uart.o
 .rodata.frequency_string
                0x00003824       0x28 ./Sources/uart.o
 .rodata.FTM0_IRQHandler
                0x0000384c       0x64 ./Sources/dac.o
 .rodata.PORTA_IRQHandler
                0x000038b0       0x38 ./Sources/buttons.o
 .rodata.ADC0_IRQHandler
                0x000038e8       0x14 ./Sources/adc.o
 .rodata.str1.1
                0x000038fc        0x1 C:/Freescale/CW MCU v10.7/MCU/ARM_GCC_Support/ewl/lib/armv6-m\libc.a(printformat_.o)
 .rodata.CSWTCH.20
                0x000038fd        0x5 C:/Freescale/CW MCU v10.7/MCU/ARM_GCC_Support/ewl/lib/armv6-m\libc.a(printformat_.o)
 .rodata.CSWTCH.21
                0x00003902        0x5 C:/Freescale/CW MCU v10.7/MCU/ARM_GCC_Support/ewl/lib/armv6-m\libc.a(printformat_.o)
 .rodata.__aeabi_ctype_table_C
                0x00003907      0x101 C:/Freescale/CW MCU v10.7/MCU/ARM_GCC_Support/ewl/lib/armv6-m\libc.a(ctype_aeabi.o)
                0x00003907                __aeabi_ctype_table_C
 *(.glue_7)
 .glue_7        0x00000000        0x0 linker stubs
 *(.glue_7t)
 .glue_7t       0x00000000        0x0 linker stubs
 *(.eh_frame)
 *(.init)
 *(.fini)
                0x00003a08                . = ALIGN (0x4)
                0x00003a08                _etext = .

.vfp11_veneer   0x00003a08        0x0
 .vfp11_veneer  0x00000000        0x0 linker stubs

.v4_bx          0x00003a08        0x0
 .v4_bx         0x00000000        0x0 linker stubs

.iplt           0x00003a08        0x0
 .iplt          0x00000000        0x0 ./Project_Settings/Startup_Code/kinetis_sysinit.o

.rel.dyn        0x00003a08        0x0
 .rel.iplt      0x00000000        0x0 ./Project_Settings/Startup_Code/kinetis_sysinit.o

.ARM.extab
 *(.ARM.extab* .gnu.linkonce.armextab.*)

.ARM            0x00003a08        0x0
                0x00003a08                __exidx_start = .
 *(.ARM.exidx*)
                0x00003a08                __exidx_end = .

.ctors          0x00003a08        0x0
                0x00003a08                __CTOR_LIST__ = .
 *crtbegin.o(.ctors)
 *(EXCLUDE_FILE(*crtend.o) .ctors)
 *(SORT(.ctors.*))
 *(.ctors)
                0x00003a08                __CTOR_END__ = .

.dtors          0x00003a08        0x0
                0x00003a08                __DTOR_LIST__ = .
 *crtbegin.o(.dtors)
 *(EXCLUDE_FILE(*crtend.o) .dtors)
 *(SORT(.dtors.*))
 *(.dtors)
                0x00003a08                __DTOR_END__ = .

.preinit_array  0x00003a08        0x0
                0x00003a08                PROVIDE (__preinit_array_start, .)
 *(.preinit_array*)
                0x00003a08                PROVIDE (__preinit_array_end, .)

.init_array     0x00003a08        0x0
                0x00003a08                PROVIDE (__init_array_start, .)
 *(SORT(.init_array.*))
 *(.init_array*)
                0x00003a08                PROVIDE (__init_array_end, .)

.fini_array     0x00003a08        0x0
                0x00003a08                PROVIDE (__fini_array_start, .)
 *(SORT(.fini_array.*))
 *(.fini_array*)
                0x00003a08                PROVIDE (__fini_array_end, .)
                0x00003a08                ___ROM_AT = .

.mtb            0x1ffff000        0x0
                0x1ffff000                . = ALIGN (0x8)
                0x1ffff000                _mtb_start = .
 *(.mtb_buf)
                0x1ffff000                . = ALIGN (0x8)
                0x1ffff000                _mtb_end = .

.data           0x1ffff000      0x320 load address 0x00003a08
                0x1ffff000                . = ALIGN (0x4)
                0x1ffff000                _sdata = .
 *(.data)
 *(.data*)
 .data.sine     0x1ffff000       0xc8 ./Sources/dac.o
                0x1ffff000                sine
 .data.ramp     0x1ffff0c8       0xc8 ./Sources/dac.o
                0x1ffff0c8                ramp
 .data.square   0x1ffff190       0xc8 ./Sources/dac.o
                0x1ffff190                square
 .data.triangle
                0x1ffff258       0xc8 ./Sources/dac.o
                0x1ffff258                triangle
                0x1ffff320                . = ALIGN (0x4)
                0x1ffff320                _edata = .
                0x00000320                ___data_size = (_edata - _sdata)

.igot.plt       0x1ffff320        0x0 load address 0x00003d28
 .igot.plt      0x00000000        0x0 ./Project_Settings/Startup_Code/kinetis_sysinit.o
                0x1ffff320                . = ALIGN (0x4)

.bss            0x1ffff320      0xdc8 load address 0x00003d28
                0x1ffff320                __START_BSS = .
                0x1ffff320                PROVIDE (__bss_start__, __START_BSS)
 *(.bss)
 *(.bss*)
 .bss.argv      0x1ffff320        0x4 ./Project_Settings/Startup_Code/__arm_start.o
 .bss.off       0x1ffff324       0xc8 ./Sources/dac.o
                0x1ffff324                off
 .bss.channel   0x1ffff3ec        0x4 ./Sources/adc.o
                0x1ffff3ec                channel
 .bss.__stdio_exit
                0x1ffff3f0        0x4 C:/Freescale/CW MCU v10.7/MCU/ARM_GCC_Support/ewl/lib/armv6-m\libc.a(exit.o)
                0x1ffff3f0                __stdio_exit
 .bss.__console_exit
                0x1ffff3f4        0x4 C:/Freescale/CW MCU v10.7/MCU/ARM_GCC_Support/ewl/lib/armv6-m\libc.a(exit.o)
                0x1ffff3f4                __console_exit
 .bss.__global_destructor_chain
                0x1ffff3f8        0x4 C:/Freescale/CW MCU v10.7/MCU/ARM_GCC_Support/ewl/lib/armv6-m\librt.a(__arm_eabi_init.o)
                0x1ffff3f8                __global_destructor_chain
 .bss.__S_romp  0x1ffff3fc        0xc C:/Freescale/CW MCU v10.7/MCU/ARM_GCC_Support/ewl/lib/armv6-m\librt.a(ROMCopy.o)
 *(COMMON)
 COMMON         0x1ffff408       0x5c ./Sources/uart.o
                0x1ffff408                PORTD
                0x1ffff40c                GPIOC
                0x1ffff410                TPM2
                0x1ffff414                TPM1
                0x1ffff418                PORTC
                0x1ffff41c                NVIC
                0x1ffff420                ADC0
                0x1ffff424                GPIOE
                0x1ffff428                MCG
                0x1ffff42c                PORTB
                0x1ffff430                current
                0x1ffff434                PORTE
                0x1ffff438                SIM
                0x1ffff43c                GPIOA
                0x1ffff440                gain
                0x1ffff444                DAC0
                0x1ffff448                UART0
                0x1ffff44c                amplifier
                0x1ffff450                GPIOD
                0x1ffff454                TPM0
                0x1ffff458                PORTA
                0x1ffff45c                GPIOB
                0x1ffff460                LPTMR0
 COMMON         0x1ffff464      0xc84 ./Sources/dac.o
                0x1ffff464                sine6
                0x1ffff52c                ramp2
                0x1ffff5f4                writeValue
                0x1ffff5f8                square6
                0x1ffff6c0                triangle4
                0x1ffff788                square2
                0x1ffff850                ramp4
                0x1ffff918                triangle6
                0x1ffff9e0                triangle2
                0x1ffffaa8                square8
                0x1ffffb70                sine8
                0x1ffffc38                triangle8
                0x1ffffd00                sine2
                0x1ffffdc8                sine4
                0x1ffffe90                square4
                0x1fffff58                ramp6
                0x20000020                ramp8
                0x200000e8                . = ALIGN (0x4)
                0x200000e8                __END_BSS = .
                0x200000e8                PROVIDE (__bss_end__, __END_BSS)
                0x00003d28                _romp_at = (___ROM_AT + SIZEOF (.data))

.romp           0x200000e8       0x18 load address 0x00003d28
                0x00003d28                __S_romp = _romp_at
                0x200000e8        0x4 LONG 0x3a08 ___ROM_AT
                0x200000ec        0x4 LONG 0x1ffff000 _sdata
                0x200000f0        0x4 LONG 0x320 ___data_size
                0x200000f4        0x4 LONG 0x0
                0x200000f8        0x4 LONG 0x0
                0x200000fc        0x4 LONG 0x0

._user_heap_stack
                0x20000100      0x800 load address 0x00003d40
                0x20000100                . = ALIGN (0x4)
                0x20000100                PROVIDE (end, .)
                0x20000100                PROVIDE (_end, .)
                0x20000100                __heap_addr = .
                0x20000500                . = (. + __heap_size)
 *fill*         0x20000100      0x400 00
                0x20000900                . = (. + __stack_size)
 *fill*         0x20000500      0x400 00
                0x20000900                . = ALIGN (0x4)

.ARM.attributes
                0x00000000       0x31
 *(.ARM.attributes)
 .ARM.attributes
                0x00000000       0x31 ./Project_Settings/Startup_Code/kinetis_sysinit.o
 .ARM.attributes
                0x00000031       0x31 ./Project_Settings/Startup_Code/__arm_start.o
 .ARM.attributes
                0x00000062       0x31 ./Project_Settings/Startup_Code/__arm_end.o
 .ARM.attributes
                0x00000093       0x31 ./Sources/uart.o
 .ARM.attributes
                0x000000c4       0x31 ./Sources/main.o
 .ARM.attributes
                0x000000f5       0x31 ./Sources/lptmr.o
 .ARM.attributes
                0x00000126       0x31 ./Sources/dac.o
 .ARM.attributes
                0x00000157       0x31 ./Sources/common.o
 .ARM.attributes
                0x00000188       0x31 ./Sources/buttons.o
 .ARM.attributes
                0x000001b9       0x31 ./Sources/adc.o
 .ARM.attributes
                0x000001ea       0x31 C:/Freescale/CW MCU v10.7/MCU/ARM_GCC_Support/ewl/lib/armv6-m\libc.a(exit.o)
 .ARM.attributes
                0x0000021b       0x31 C:/Freescale/CW MCU v10.7/MCU/ARM_GCC_Support/ewl/lib/armv6-m\libc.a(memset.o)
 .ARM.attributes
                0x0000024c       0x31 C:/Freescale/CW MCU v10.7/MCU/ARM_GCC_Support/ewl/lib/armv6-m\libc.a(__filll_mem.o)
 .ARM.attributes
                0x0000027d       0x31 C:/Freescale/CW MCU v10.7/MCU/ARM_GCC_Support/ewl/lib/armv6-m\libc.a(printformat_.o)
 .ARM.attributes
                0x000002ae       0x31 C:/Freescale/CW MCU v10.7/MCU/ARM_GCC_Support/ewl/lib/armv6-m\libc.a(scanformat_.o)
 .ARM.attributes
                0x000002df       0x31 C:/Freescale/CW MCU v10.7/MCU/ARM_GCC_Support/ewl/lib/armv6-m\libc.a(ctype_aeabi.o)
 .ARM.attributes
                0x00000310       0x31 C:/Freescale/CW MCU v10.7/MCU/ARM_GCC_Support/ewl/lib/armv6-m\libc.a(__strtoul.o)
 .ARM.attributes
                0x00000341       0x31 C:/Freescale/CW MCU v10.7/MCU/ARM_GCC_Support/ewl/lib/armv6-m\libc.a(strchr.o)
 .ARM.attributes
                0x00000372       0x31 C:/Freescale/CW MCU v10.7/MCU/ARM_GCC_Support/ewl/lib/armv6-m\libc.a(memcpy.o)
 .ARM.attributes
                0x000003a3       0x31 C:/Freescale/CW MCU v10.7/MCU/ARM_GCC_Support/ewl/lib/armv6-m\libc.a(strlen.o)
 .ARM.attributes
                0x000003d4       0x31 C:/Freescale/CW MCU v10.7/MCU/ARM_GCC_Support/ewl/lib/armv6-m\libc.a(memchr.o)
 .ARM.attributes
                0x00000405       0x1e c:/freescale/cw mcu v10.7/cross_tools/arm-none-eabi-gcc-4_7_3/bin/../lib/gcc/arm-none-eabi/4.7.3/armv6-m\libgcc.a(_thumb1_case_sqi.o)
 .ARM.attributes
                0x00000423       0x1e c:/freescale/cw mcu v10.7/cross_tools/arm-none-eabi-gcc-4_7_3/bin/../lib/gcc/arm-none-eabi/4.7.3/armv6-m\libgcc.a(_thumb1_case_uqi.o)
 .ARM.attributes
                0x00000441       0x1e c:/freescale/cw mcu v10.7/cross_tools/arm-none-eabi-gcc-4_7_3/bin/../lib/gcc/arm-none-eabi/4.7.3/armv6-m\libgcc.a(_udivsi3.o)
 .ARM.attributes
                0x0000045f       0x1e c:/freescale/cw mcu v10.7/cross_tools/arm-none-eabi-gcc-4_7_3/bin/../lib/gcc/arm-none-eabi/4.7.3/armv6-m\libgcc.a(_divsi3.o)
 .ARM.attributes
                0x0000047d       0x1e c:/freescale/cw mcu v10.7/cross_tools/arm-none-eabi-gcc-4_7_3/bin/../lib/gcc/arm-none-eabi/4.7.3/armv6-m\libgcc.a(_dvmd_tls.o)
 .ARM.attributes
                0x0000049b       0x31 C:/Freescale/CW MCU v10.7/MCU/ARM_GCC_Support/ewl/lib/armv6-m\librt.a(gcc_ctor_dtor.o)
 .ARM.attributes
                0x000004cc       0x31 C:/Freescale/CW MCU v10.7/MCU/ARM_GCC_Support/ewl/lib/armv6-m\librt.a(__arm_eabi_init.o)
 .ARM.attributes
                0x000004fd       0x31 C:/Freescale/CW MCU v10.7/MCU/ARM_GCC_Support/ewl/lib/armv6-m\librt.a(ROMCopy.o)
OUTPUT(FrequencyGenerator.elf elf32-littlearm)

.debug_info     0x00000000     0x796f
 .debug_info    0x00000000      0x447 ./Project_Settings/Startup_Code/kinetis_sysinit.o
 .debug_info    0x00000447      0x12a ./Project_Settings/Startup_Code/__arm_start.o
 .debug_info    0x00000571       0x54 ./Project_Settings/Startup_Code/__arm_end.o
 .debug_info    0x000005c5      0xcfb ./Sources/uart.o
 .debug_info    0x000012c0      0xc1f ./Sources/main.o
 .debug_info    0x00001edf      0xbf9 ./Sources/lptmr.o
 .debug_info    0x00002ad8      0xdf5 ./Sources/dac.o
 .debug_info    0x000038cd      0xbe5 ./Sources/common.o
 .debug_info    0x000044b2      0xc0c ./Sources/buttons.o
 .debug_info    0x000050be      0xc99 ./Sources/adc.o
 .debug_info    0x00005d57       0xe8 C:/Freescale/CW MCU v10.7/MCU/ARM_GCC_Support/ewl/lib/armv6-m\libc.a(exit.o)
 .debug_info    0x00005e3f       0xec C:/Freescale/CW MCU v10.7/MCU/ARM_GCC_Support/ewl/lib/armv6-m\libc.a(memset.o)
 .debug_info    0x00005f2b      0x137 C:/Freescale/CW MCU v10.7/MCU/ARM_GCC_Support/ewl/lib/armv6-m\libc.a(__filll_mem.o)
 .debug_info    0x00006062      0x50d C:/Freescale/CW MCU v10.7/MCU/ARM_GCC_Support/ewl/lib/armv6-m\libc.a(printformat_.o)
 .debug_info    0x0000656f      0x568 C:/Freescale/CW MCU v10.7/MCU/ARM_GCC_Support/ewl/lib/armv6-m\libc.a(scanformat_.o)
 .debug_info    0x00006ad7      0x313 C:/Freescale/CW MCU v10.7/MCU/ARM_GCC_Support/ewl/lib/armv6-m\libc.a(ctype_aeabi.o)
 .debug_info    0x00006dea      0x1d6 C:/Freescale/CW MCU v10.7/MCU/ARM_GCC_Support/ewl/lib/armv6-m\libc.a(__strtoul.o)
 .debug_info    0x00006fc0      0x10b C:/Freescale/CW MCU v10.7/MCU/ARM_GCC_Support/ewl/lib/armv6-m\libc.a(strchr.o)
 .debug_info    0x000070cb      0x10f C:/Freescale/CW MCU v10.7/MCU/ARM_GCC_Support/ewl/lib/armv6-m\libc.a(memcpy.o)
 .debug_info    0x000071da       0xea C:/Freescale/CW MCU v10.7/MCU/ARM_GCC_Support/ewl/lib/armv6-m\libc.a(strlen.o)
 .debug_info    0x000072c4      0x121 C:/Freescale/CW MCU v10.7/MCU/ARM_GCC_Support/ewl/lib/armv6-m\libc.a(memchr.o)
 .debug_info    0x000073e5      0x136 C:/Freescale/CW MCU v10.7/MCU/ARM_GCC_Support/ewl/lib/armv6-m\librt.a(gcc_ctor_dtor.o)
 .debug_info    0x0000751b      0x2b9 C:/Freescale/CW MCU v10.7/MCU/ARM_GCC_Support/ewl/lib/armv6-m\librt.a(__arm_eabi_init.o)
 .debug_info    0x000077d4      0x19b C:/Freescale/CW MCU v10.7/MCU/ARM_GCC_Support/ewl/lib/armv6-m\librt.a(ROMCopy.o)

.debug_abbrev   0x00000000     0x1666
 .debug_abbrev  0x00000000       0xe7 ./Project_Settings/Startup_Code/kinetis_sysinit.o
 .debug_abbrev  0x000000e7       0x92 ./Project_Settings/Startup_Code/__arm_start.o
 .debug_abbrev  0x00000179       0x4c ./Project_Settings/Startup_Code/__arm_end.o
 .debug_abbrev  0x000001c5      0x176 ./Sources/uart.o
 .debug_abbrev  0x0000033b      0x11c ./Sources/main.o
 .debug_abbrev  0x00000457      0x12d ./Sources/lptmr.o
 .debug_abbrev  0x00000584      0x140 ./Sources/dac.o
 .debug_abbrev  0x000006c4      0x11a ./Sources/common.o
 .debug_abbrev  0x000007de      0x11a ./Sources/buttons.o
 .debug_abbrev  0x000008f8      0x140 ./Sources/adc.o
 .debug_abbrev  0x00000a38       0x7a C:/Freescale/CW MCU v10.7/MCU/ARM_GCC_Support/ewl/lib/armv6-m\libc.a(exit.o)
 .debug_abbrev  0x00000ab2       0x62 C:/Freescale/CW MCU v10.7/MCU/ARM_GCC_Support/ewl/lib/armv6-m\libc.a(memset.o)
 .debug_abbrev  0x00000b14       0x78 C:/Freescale/CW MCU v10.7/MCU/ARM_GCC_Support/ewl/lib/armv6-m\libc.a(__filll_mem.o)
 .debug_abbrev  0x00000b8c      0x200 C:/Freescale/CW MCU v10.7/MCU/ARM_GCC_Support/ewl/lib/armv6-m\libc.a(printformat_.o)
 .debug_abbrev  0x00000d8c      0x1f0 C:/Freescale/CW MCU v10.7/MCU/ARM_GCC_Support/ewl/lib/armv6-m\libc.a(scanformat_.o)
 .debug_abbrev  0x00000f7c       0x9e C:/Freescale/CW MCU v10.7/MCU/ARM_GCC_Support/ewl/lib/armv6-m\libc.a(ctype_aeabi.o)
 .debug_abbrev  0x0000101a       0xc2 C:/Freescale/CW MCU v10.7/MCU/ARM_GCC_Support/ewl/lib/armv6-m\libc.a(__strtoul.o)
 .debug_abbrev  0x000010dc       0x7a C:/Freescale/CW MCU v10.7/MCU/ARM_GCC_Support/ewl/lib/armv6-m\libc.a(strchr.o)
 .debug_abbrev  0x00001156       0x95 C:/Freescale/CW MCU v10.7/MCU/ARM_GCC_Support/ewl/lib/armv6-m\libc.a(memcpy.o)
 .debug_abbrev  0x000011eb       0x7a C:/Freescale/CW MCU v10.7/MCU/ARM_GCC_Support/ewl/lib/armv6-m\libc.a(strlen.o)
 .debug_abbrev  0x00001265       0x95 C:/Freescale/CW MCU v10.7/MCU/ARM_GCC_Support/ewl/lib/armv6-m\libc.a(memchr.o)
 .debug_abbrev  0x000012fa       0x99 C:/Freescale/CW MCU v10.7/MCU/ARM_GCC_Support/ewl/lib/armv6-m\librt.a(gcc_ctor_dtor.o)
 .debug_abbrev  0x00001393      0x1b3 C:/Freescale/CW MCU v10.7/MCU/ARM_GCC_Support/ewl/lib/armv6-m\librt.a(__arm_eabi_init.o)
 .debug_abbrev  0x00001546      0x120 C:/Freescale/CW MCU v10.7/MCU/ARM_GCC_Support/ewl/lib/armv6-m\librt.a(ROMCopy.o)

.debug_loc      0x00000000     0x2a99
 .debug_loc     0x00000000       0x58 ./Project_Settings/Startup_Code/kinetis_sysinit.o
 .debug_loc     0x00000058       0x2c ./Project_Settings/Startup_Code/__arm_start.o
 .debug_loc     0x00000084       0x38 ./Project_Settings/Startup_Code/__arm_end.o
 .debug_loc     0x000000bc       0xca ./Sources/uart.o
 .debug_loc     0x00000186       0x2c ./Sources/main.o
 .debug_loc     0x000001b2       0x58 ./Sources/lptmr.o
 .debug_loc     0x0000020a       0xbc ./Sources/dac.o
 .debug_loc     0x000002c6       0x2c ./Sources/common.o
 .debug_loc     0x000002f2       0x58 ./Sources/buttons.o
 .debug_loc     0x0000034a       0x64 ./Sources/adc.o
 .debug_loc     0x000003ae       0x3e C:/Freescale/CW MCU v10.7/MCU/ARM_GCC_Support/ewl/lib/armv6-m\libc.a(exit.o)
 .debug_loc     0x000003ec       0x6f C:/Freescale/CW MCU v10.7/MCU/ARM_GCC_Support/ewl/lib/armv6-m\libc.a(memset.o)
 .debug_loc     0x0000045b      0x14a C:/Freescale/CW MCU v10.7/MCU/ARM_GCC_Support/ewl/lib/armv6-m\libc.a(__filll_mem.o)
 .debug_loc     0x000005a5     0x104b C:/Freescale/CW MCU v10.7/MCU/ARM_GCC_Support/ewl/lib/armv6-m\libc.a(printformat_.o)
 .debug_loc     0x000015f0      0x9d8 C:/Freescale/CW MCU v10.7/MCU/ARM_GCC_Support/ewl/lib/armv6-m\libc.a(scanformat_.o)
 .debug_loc     0x00001fc8      0x30d C:/Freescale/CW MCU v10.7/MCU/ARM_GCC_Support/ewl/lib/armv6-m\libc.a(ctype_aeabi.o)
 .debug_loc     0x000022d5      0x305 C:/Freescale/CW MCU v10.7/MCU/ARM_GCC_Support/ewl/lib/armv6-m\libc.a(__strtoul.o)
 .debug_loc     0x000025da       0xaf C:/Freescale/CW MCU v10.7/MCU/ARM_GCC_Support/ewl/lib/armv6-m\libc.a(strchr.o)
 .debug_loc     0x00002689       0x59 C:/Freescale/CW MCU v10.7/MCU/ARM_GCC_Support/ewl/lib/armv6-m\libc.a(memcpy.o)
 .debug_loc     0x000026e2       0x33 C:/Freescale/CW MCU v10.7/MCU/ARM_GCC_Support/ewl/lib/armv6-m\libc.a(strlen.o)
 .debug_loc     0x00002715       0x77 C:/Freescale/CW MCU v10.7/MCU/ARM_GCC_Support/ewl/lib/armv6-m\libc.a(memchr.o)
 .debug_loc     0x0000278c       0x9d C:/Freescale/CW MCU v10.7/MCU/ARM_GCC_Support/ewl/lib/armv6-m\librt.a(gcc_ctor_dtor.o)
 .debug_loc     0x00002829      0x197 C:/Freescale/CW MCU v10.7/MCU/ARM_GCC_Support/ewl/lib/armv6-m\librt.a(__arm_eabi_init.o)
 .debug_loc     0x000029c0       0xd9 C:/Freescale/CW MCU v10.7/MCU/ARM_GCC_Support/ewl/lib/armv6-m\librt.a(ROMCopy.o)

.debug_aranges  0x00000000      0x420
 .debug_aranges
                0x00000000       0x28 ./Project_Settings/Startup_Code/kinetis_sysinit.o
 .debug_aranges
                0x00000028       0x30 ./Project_Settings/Startup_Code/__arm_start.o
 .debug_aranges
                0x00000058       0x20 ./Project_Settings/Startup_Code/__arm_end.o
 .debug_aranges
                0x00000078       0x38 ./Sources/uart.o
 .debug_aranges
                0x000000b0       0x20 ./Sources/main.o
 .debug_aranges
                0x000000d0       0x28 ./Sources/lptmr.o
 .debug_aranges
                0x000000f8       0x38 ./Sources/dac.o
 .debug_aranges
                0x00000130       0x20 ./Sources/common.o
 .debug_aranges
                0x00000150       0x28 ./Sources/buttons.o
 .debug_aranges
                0x00000178       0x28 ./Sources/adc.o
 .debug_aranges
                0x000001a0       0x20 C:/Freescale/CW MCU v10.7/MCU/ARM_GCC_Support/ewl/lib/armv6-m\libc.a(exit.o)
 .debug_aranges
                0x000001c0       0x20 C:/Freescale/CW MCU v10.7/MCU/ARM_GCC_Support/ewl/lib/armv6-m\libc.a(memset.o)
 .debug_aranges
                0x000001e0       0x20 C:/Freescale/CW MCU v10.7/MCU/ARM_GCC_Support/ewl/lib/armv6-m\libc.a(__filll_mem.o)
 .debug_aranges
                0x00000200       0x28 C:/Freescale/CW MCU v10.7/MCU/ARM_GCC_Support/ewl/lib/armv6-m\libc.a(printformat_.o)
 .debug_aranges
                0x00000228       0x20 C:/Freescale/CW MCU v10.7/MCU/ARM_GCC_Support/ewl/lib/armv6-m\libc.a(scanformat_.o)
 .debug_aranges
                0x00000248       0x88 C:/Freescale/CW MCU v10.7/MCU/ARM_GCC_Support/ewl/lib/armv6-m\libc.a(ctype_aeabi.o)
 .debug_aranges
                0x000002d0       0x20 C:/Freescale/CW MCU v10.7/MCU/ARM_GCC_Support/ewl/lib/armv6-m\libc.a(__strtoul.o)
 .debug_aranges
                0x000002f0       0x20 C:/Freescale/CW MCU v10.7/MCU/ARM_GCC_Support/ewl/lib/armv6-m\libc.a(strchr.o)
 .debug_aranges
                0x00000310       0x20 C:/Freescale/CW MCU v10.7/MCU/ARM_GCC_Support/ewl/lib/armv6-m\libc.a(memcpy.o)
 .debug_aranges
                0x00000330       0x20 C:/Freescale/CW MCU v10.7/MCU/ARM_GCC_Support/ewl/lib/armv6-m\libc.a(strlen.o)
 .debug_aranges
                0x00000350       0x20 C:/Freescale/CW MCU v10.7/MCU/ARM_GCC_Support/ewl/lib/armv6-m\libc.a(memchr.o)
 .debug_aranges
                0x00000370       0x28 C:/Freescale/CW MCU v10.7/MCU/ARM_GCC_Support/ewl/lib/armv6-m\librt.a(gcc_ctor_dtor.o)
 .debug_aranges
                0x00000398       0x58 C:/Freescale/CW MCU v10.7/MCU/ARM_GCC_Support/ewl/lib/armv6-m\librt.a(__arm_eabi_init.o)
 .debug_aranges
                0x000003f0       0x30 C:/Freescale/CW MCU v10.7/MCU/ARM_GCC_Support/ewl/lib/armv6-m\librt.a(ROMCopy.o)

.debug_macinfo  0x00000000   0x139a10
 .debug_macinfo
                0x00000000    0x264f0 ./Project_Settings/Startup_Code/kinetis_sysinit.o
 .debug_macinfo
                0x000264f0     0x3e6d ./Project_Settings/Startup_Code/__arm_start.o
 .debug_macinfo
                0x0002a35d     0x3456 ./Project_Settings/Startup_Code/__arm_end.o
 .debug_macinfo
                0x0002d7b3    0x26500 ./Sources/uart.o
 .debug_macinfo
                0x00053cb3    0x26510 ./Sources/main.o
 .debug_macinfo
                0x0007a1c3    0x264d2 ./Sources/lptmr.o
 .debug_macinfo
                0x000a0695    0x264e3 ./Sources/dac.o
 .debug_macinfo
                0x000c6b78    0x264c3 ./Sources/common.o
 .debug_macinfo
                0x000ed03b    0x264e4 ./Sources/buttons.o
 .debug_macinfo
                0x0011351f    0x264f1 ./Sources/adc.o

.debug_line     0x00000000     0x2613
 .debug_line    0x00000000      0x21a ./Project_Settings/Startup_Code/kinetis_sysinit.o
 .debug_line    0x0000021a      0x29d ./Project_Settings/Startup_Code/__arm_start.o
 .debug_line    0x000004b7      0x265 ./Project_Settings/Startup_Code/__arm_end.o
 .debug_line    0x0000071c      0x2ec ./Sources/uart.o
 .debug_line    0x00000a08      0x20a ./Sources/main.o
 .debug_line    0x00000c12      0x1ed ./Sources/lptmr.o
 .debug_line    0x00000dff      0x295 ./Sources/dac.o
 .debug_line    0x00001094      0x1e1 ./Sources/common.o
 .debug_line    0x00001275      0x243 ./Sources/buttons.o
 .debug_line    0x000014b8      0x27f ./Sources/adc.o
 .debug_line    0x00001737       0x8d C:/Freescale/CW MCU v10.7/MCU/ARM_GCC_Support/ewl/lib/armv6-m\libc.a(exit.o)
 .debug_line    0x000017c4       0x90 C:/Freescale/CW MCU v10.7/MCU/ARM_GCC_Support/ewl/lib/armv6-m\libc.a(memset.o)
 .debug_line    0x00001854       0xf6 C:/Freescale/CW MCU v10.7/MCU/ARM_GCC_Support/ewl/lib/armv6-m\libc.a(__filll_mem.o)
 .debug_line    0x0000194a      0x2c3 C:/Freescale/CW MCU v10.7/MCU/ARM_GCC_Support/ewl/lib/armv6-m\libc.a(printformat_.o)
 .debug_line    0x00001c0d      0x2be C:/Freescale/CW MCU v10.7/MCU/ARM_GCC_Support/ewl/lib/armv6-m\libc.a(scanformat_.o)
 .debug_line    0x00001ecb      0x1be C:/Freescale/CW MCU v10.7/MCU/ARM_GCC_Support/ewl/lib/armv6-m\libc.a(ctype_aeabi.o)
 .debug_line    0x00002089      0x11e C:/Freescale/CW MCU v10.7/MCU/ARM_GCC_Support/ewl/lib/armv6-m\libc.a(__strtoul.o)
 .debug_line    0x000021a7       0x7d C:/Freescale/CW MCU v10.7/MCU/ARM_GCC_Support/ewl/lib/armv6-m\libc.a(strchr.o)
 .debug_line    0x00002224       0x8b C:/Freescale/CW MCU v10.7/MCU/ARM_GCC_Support/ewl/lib/armv6-m\libc.a(memcpy.o)
 .debug_line    0x000022af       0x85 C:/Freescale/CW MCU v10.7/MCU/ARM_GCC_Support/ewl/lib/armv6-m\libc.a(strlen.o)
 .debug_line    0x00002334       0x9f C:/Freescale/CW MCU v10.7/MCU/ARM_GCC_Support/ewl/lib/armv6-m\libc.a(memchr.o)
 .debug_line    0x000023d3       0x6c C:/Freescale/CW MCU v10.7/MCU/ARM_GCC_Support/ewl/lib/armv6-m\librt.a(gcc_ctor_dtor.o)
 .debug_line    0x0000243f      0x117 C:/Freescale/CW MCU v10.7/MCU/ARM_GCC_Support/ewl/lib/armv6-m\librt.a(__arm_eabi_init.o)
 .debug_line    0x00002556       0xbd C:/Freescale/CW MCU v10.7/MCU/ARM_GCC_Support/ewl/lib/armv6-m\librt.a(ROMCopy.o)

.debug_str      0x00000000     0x1031
 .debug_str     0x00000000      0x29b ./Project_Settings/Startup_Code/kinetis_sysinit.o
                                0x2c2 (size before relaxing)
 .debug_str     0x0000029b       0x85 ./Project_Settings/Startup_Code/__arm_start.o
                                0x19c (size before relaxing)
 .debug_str     0x00000320       0x3a ./Project_Settings/Startup_Code/__arm_end.o
                                 0xd3 (size before relaxing)
 .debug_str     0x0000035a      0x284 ./Sources/uart.o
                                0x49b (size before relaxing)
 .debug_str     0x000005de       0x17 ./Sources/main.o
                                0x443 (size before relaxing)
 .debug_str     0x000005f5       0x31 ./Sources/lptmr.o
                                0x446 (size before relaxing)
 .debug_str     0x00000626       0xdf ./Sources/dac.o
                                0x506 (size before relaxing)
 .debug_str     0x00000705       0x20 ./Sources/common.o
                                0x435 (size before relaxing)
 .debug_str     0x00000725       0x33 ./Sources/buttons.o
                                0x450 (size before relaxing)
 .debug_str     0x00000758       0x4f ./Sources/adc.o
                                0x47b (size before relaxing)
 .debug_str     0x000007a7       0x5a C:/Freescale/CW MCU v10.7/MCU/ARM_GCC_Support/ewl/lib/armv6-m\libc.a(exit.o)
                                0x157 (size before relaxing)
 .debug_str     0x00000801       0x23 C:/Freescale/CW MCU v10.7/MCU/ARM_GCC_Support/ewl/lib/armv6-m\libc.a(memset.o)
                                0x140 (size before relaxing)
 .debug_str     0x00000824       0x2d C:/Freescale/CW MCU v10.7/MCU/ARM_GCC_Support/ewl/lib/armv6-m\libc.a(__filll_mem.o)
                                0x152 (size before relaxing)
 .debug_str     0x00000851      0x235 C:/Freescale/CW MCU v10.7/MCU/ARM_GCC_Support/ewl/lib/armv6-m\libc.a(printformat_.o)
                                0x3b3 (size before relaxing)
 .debug_str     0x00000a86      0x184 C:/Freescale/CW MCU v10.7/MCU/ARM_GCC_Support/ewl/lib/armv6-m\libc.a(scanformat_.o)
                                0x3f9 (size before relaxing)
 .debug_str     0x00000c0a       0x9d C:/Freescale/CW MCU v10.7/MCU/ARM_GCC_Support/ewl/lib/armv6-m\libc.a(ctype_aeabi.o)
                                0x1bc (size before relaxing)
 .debug_str     0x00000ca7       0x5b C:/Freescale/CW MCU v10.7/MCU/ARM_GCC_Support/ewl/lib/armv6-m\libc.a(__strtoul.o)
                                0x1fb (size before relaxing)
 .debug_str     0x00000d02       0x1c C:/Freescale/CW MCU v10.7/MCU/ARM_GCC_Support/ewl/lib/armv6-m\libc.a(strchr.o)
                                0x137 (size before relaxing)
 .debug_str     0x00000d1e       0x1c C:/Freescale/CW MCU v10.7/MCU/ARM_GCC_Support/ewl/lib/armv6-m\libc.a(memcpy.o)
                                0x138 (size before relaxing)
 .debug_str     0x00000d3a       0x1c C:/Freescale/CW MCU v10.7/MCU/ARM_GCC_Support/ewl/lib/armv6-m\libc.a(strlen.o)
                                0x140 (size before relaxing)
 .debug_str     0x00000d56       0x1c C:/Freescale/CW MCU v10.7/MCU/ARM_GCC_Support/ewl/lib/armv6-m\libc.a(memchr.o)
                                0x148 (size before relaxing)
 .debug_str     0x00000d72      0x126 C:/Freescale/CW MCU v10.7/MCU/ARM_GCC_Support/ewl/lib/armv6-m\librt.a(gcc_ctor_dtor.o)
                                0x181 (size before relaxing)
 .debug_str     0x00000e98       0xf8 C:/Freescale/CW MCU v10.7/MCU/ARM_GCC_Support/ewl/lib/armv6-m\librt.a(__arm_eabi_init.o)
                                0x1b5 (size before relaxing)
 .debug_str     0x00000f90       0xa1 C:/Freescale/CW MCU v10.7/MCU/ARM_GCC_Support/ewl/lib/armv6-m\librt.a(ROMCopy.o)
                                0x13c (size before relaxing)

.comment        0x00000000       0x79
 .comment       0x00000000       0x79 ./Project_Settings/Startup_Code/kinetis_sysinit.o
                                 0x7a (size before relaxing)
 .comment       0x00000000       0x7a ./Project_Settings/Startup_Code/__arm_start.o
 .comment       0x00000000       0x7a ./Project_Settings/Startup_Code/__arm_end.o
 .comment       0x00000000       0x7a ./Sources/uart.o
 .comment       0x00000000       0x7a ./Sources/main.o
 .comment       0x00000000       0x7a ./Sources/lptmr.o
 .comment       0x00000000       0x7a ./Sources/dac.o
 .comment       0x00000000       0x7a ./Sources/common.o
 .comment       0x00000000       0x7a ./Sources/buttons.o
 .comment       0x00000000       0x7a ./Sources/adc.o
 .comment       0x00000000       0x7a C:/Freescale/CW MCU v10.7/MCU/ARM_GCC_Support/ewl/lib/armv6-m\libc.a(exit.o)
 .comment       0x00000000       0x7a C:/Freescale/CW MCU v10.7/MCU/ARM_GCC_Support/ewl/lib/armv6-m\libc.a(memset.o)
 .comment       0x00000000       0x7a C:/Freescale/CW MCU v10.7/MCU/ARM_GCC_Support/ewl/lib/armv6-m\libc.a(__filll_mem.o)
 .comment       0x00000000       0x7a C:/Freescale/CW MCU v10.7/MCU/ARM_GCC_Support/ewl/lib/armv6-m\libc.a(printformat_.o)
 .comment       0x00000000       0x7a C:/Freescale/CW MCU v10.7/MCU/ARM_GCC_Support/ewl/lib/armv6-m\libc.a(scanformat_.o)
 .comment       0x00000000       0x7a C:/Freescale/CW MCU v10.7/MCU/ARM_GCC_Support/ewl/lib/armv6-m\libc.a(ctype_aeabi.o)
 .comment       0x00000000       0x7a C:/Freescale/CW MCU v10.7/MCU/ARM_GCC_Support/ewl/lib/armv6-m\libc.a(__strtoul.o)
 .comment       0x00000000       0x7a C:/Freescale/CW MCU v10.7/MCU/ARM_GCC_Support/ewl/lib/armv6-m\libc.a(strchr.o)
 .comment       0x00000000       0x7a C:/Freescale/CW MCU v10.7/MCU/ARM_GCC_Support/ewl/lib/armv6-m\libc.a(memcpy.o)
 .comment       0x00000000       0x7a C:/Freescale/CW MCU v10.7/MCU/ARM_GCC_Support/ewl/lib/armv6-m\libc.a(strlen.o)
 .comment       0x00000000       0x7a C:/Freescale/CW MCU v10.7/MCU/ARM_GCC_Support/ewl/lib/armv6-m\libc.a(memchr.o)
 .comment       0x00000000       0x7a C:/Freescale/CW MCU v10.7/MCU/ARM_GCC_Support/ewl/lib/armv6-m\librt.a(gcc_ctor_dtor.o)
 .comment       0x00000000       0x7a C:/Freescale/CW MCU v10.7/MCU/ARM_GCC_Support/ewl/lib/armv6-m\librt.a(__arm_eabi_init.o)
 .comment       0x00000000       0x7a C:/Freescale/CW MCU v10.7/MCU/ARM_GCC_Support/ewl/lib/armv6-m\librt.a(ROMCopy.o)

.debug_frame    0x00000000      0x7c8
 .debug_frame   0x00000000       0x48 ./Project_Settings/Startup_Code/kinetis_sysinit.o
 .debug_frame   0x00000048       0x4c ./Project_Settings/Startup_Code/__arm_start.o
 .debug_frame   0x00000094       0x30 ./Project_Settings/Startup_Code/__arm_end.o
 .debug_frame   0x000000c4       0x8c ./Sources/uart.o
 .debug_frame   0x00000150       0x2c ./Sources/main.o
 .debug_frame   0x0000017c       0x48 ./Sources/lptmr.o
 .debug_frame   0x000001c4       0x84 ./Sources/dac.o
 .debug_frame   0x00000248       0x2c ./Sources/common.o
 .debug_frame   0x00000274       0x48 ./Sources/buttons.o
 .debug_frame   0x000002bc       0x4c ./Sources/adc.o
 .debug_frame   0x00000308       0x2c C:/Freescale/CW MCU v10.7/MCU/ARM_GCC_Support/ewl/lib/armv6-m\libc.a(exit.o)
 .debug_frame   0x00000334       0x28 C:/Freescale/CW MCU v10.7/MCU/ARM_GCC_Support/ewl/lib/armv6-m\libc.a(memset.o)
 .debug_frame   0x0000035c       0x2c C:/Freescale/CW MCU v10.7/MCU/ARM_GCC_Support/ewl/lib/armv6-m\libc.a(__filll_mem.o)
 .debug_frame   0x00000388       0x54 C:/Freescale/CW MCU v10.7/MCU/ARM_GCC_Support/ewl/lib/armv6-m\libc.a(printformat_.o)
 .debug_frame   0x000003dc       0x34 C:/Freescale/CW MCU v10.7/MCU/ARM_GCC_Support/ewl/lib/armv6-m\libc.a(scanformat_.o)
 .debug_frame   0x00000410      0x158 C:/Freescale/CW MCU v10.7/MCU/ARM_GCC_Support/ewl/lib/armv6-m\libc.a(ctype_aeabi.o)
 .debug_frame   0x00000568       0x30 C:/Freescale/CW MCU v10.7/MCU/ARM_GCC_Support/ewl/lib/armv6-m\libc.a(__strtoul.o)
 .debug_frame   0x00000598       0x28 C:/Freescale/CW MCU v10.7/MCU/ARM_GCC_Support/ewl/lib/armv6-m\libc.a(strchr.o)
 .debug_frame   0x000005c0       0x28 C:/Freescale/CW MCU v10.7/MCU/ARM_GCC_Support/ewl/lib/armv6-m\libc.a(memcpy.o)
 .debug_frame   0x000005e8       0x28 C:/Freescale/CW MCU v10.7/MCU/ARM_GCC_Support/ewl/lib/armv6-m\libc.a(strlen.o)
 .debug_frame   0x00000610       0x28 C:/Freescale/CW MCU v10.7/MCU/ARM_GCC_Support/ewl/lib/armv6-m\libc.a(memchr.o)
 .debug_frame   0x00000638       0x20 c:/freescale/cw mcu v10.7/cross_tools/arm-none-eabi-gcc-4_7_3/bin/../lib/gcc/arm-none-eabi/4.7.3/armv6-m\libgcc.a(_udivsi3.o)
 .debug_frame   0x00000658       0x20 c:/freescale/cw mcu v10.7/cross_tools/arm-none-eabi-gcc-4_7_3/bin/../lib/gcc/arm-none-eabi/4.7.3/armv6-m\libgcc.a(_divsi3.o)
 .debug_frame   0x00000678       0x40 C:/Freescale/CW MCU v10.7/MCU/ARM_GCC_Support/ewl/lib/armv6-m\librt.a(gcc_ctor_dtor.o)
 .debug_frame   0x000006b8       0xbc C:/Freescale/CW MCU v10.7/MCU/ARM_GCC_Support/ewl/lib/armv6-m\librt.a(__arm_eabi_init.o)
 .debug_frame   0x00000774       0x54 C:/Freescale/CW MCU v10.7/MCU/ARM_GCC_Support/ewl/lib/armv6-m\librt.a(ROMCopy.o)
